Archive member included to satisfy reference by file (symbol)

/home/ubuntu/esp32/backup/build/cxx/libcxx.a(cxx_guards.o)
                              (__cxa_guard_dummy)
/home/ubuntu/esp32/backup/build/cxx/libcxx.a(cxx_exception_stubs.o)
                              (__cxx_fatal_exception)
/home/ubuntu/esp32/backup/build/esp32/libesp32.a(panic.o)
                              /home/ubuntu/esp32/backup/build/cxx/libcxx.a(cxx_guards.o) (abort)
/home/ubuntu/esp32/backup/build/esp32/libesp32.a(cpu_start.o)
                              (call_start_cpu0)
/home/ubuntu/esp32/backup/build/esp32/libesp32.a(int_wdt.o)
                              /home/ubuntu/esp32/backup/build/esp32/libesp32.a(cpu_start.o) (esp_int_wdt_init)
/home/ubuntu/esp32/backup/build/esp32/libesp32.a(clk.o)
                              /home/ubuntu/esp32/backup/build/esp32/libesp32.a(cpu_start.o) (esp_clk_init)
/home/ubuntu/esp32/backup/build/esp32/libesp32.a(freertos_hooks.o)
                              /home/ubuntu/esp32/backup/build/esp32/libesp32.a(int_wdt.o) (esp_register_freertos_tick_hook_for_cpu)
/home/ubuntu/esp32/backup/build/esp32/libesp32.a(crosscore_int.o)
                              /home/ubuntu/esp32/backup/build/esp32/libesp32.a(cpu_start.o) (esp_crosscore_int_init)
/home/ubuntu/esp32/backup/build/esp32/libesp32.a(cache_err_int.o)
                              /home/ubuntu/esp32/backup/build/esp32/libesp32.a(cpu_start.o) (esp_cache_err_int_init)
/home/ubuntu/esp32/backup/build/esp32/libesp32.a(intr_alloc.o)
                              /home/ubuntu/esp32/backup/build/esp32/libesp32.a(crosscore_int.o) (esp_intr_alloc)
/home/ubuntu/esp32/backup/build/esp32/libesp32.a(pm_esp32.o)
                              /home/ubuntu/esp32/backup/build/esp32/libesp32.a(freertos_hooks.o) (esp_pm_impl_waiti)
/home/ubuntu/esp32/backup/build/esp32/libesp32.a(esp_err_to_name.o)
                              /home/ubuntu/esp32/backup/build/esp32/libesp32.a(panic.o) (esp_err_to_name)
/home/ubuntu/esp32/backup/build/esp32/libesp32.a(esp_timer.o)
                              /home/ubuntu/esp32/backup/build/esp32/libesp32.a(cpu_start.o) (esp_timer_init)
/home/ubuntu/esp32/backup/build/esp32/libesp32.a(dport_access.o)
                              /home/ubuntu/esp32/backup/build/esp32/libesp32.a(cpu_start.o) (esp_dport_access_stall_other_cpu_start)
/home/ubuntu/esp32/backup/build/esp32/libesp32.a(system_api.o)
                              /home/ubuntu/esp32/backup/build/esp32/libesp32.a(panic.o) (esp_restart_noos)
/home/ubuntu/esp32/backup/build/esp32/libesp32.a(brownout.o)
                              /home/ubuntu/esp32/backup/build/esp32/libesp32.a(cpu_start.o) (esp_brownout_init)
/home/ubuntu/esp32/backup/build/esp32/libesp32.a(dport_panic_highint_hdl.o)
                              (ld_include_panic_highint_hdl)
/home/ubuntu/esp32/backup/build/esp32/libesp32.a(task_wdt.o)
                              /home/ubuntu/esp32/backup/build/esp32/libesp32.a(cpu_start.o) (esp_task_wdt_init)
/home/ubuntu/esp32/backup/build/esp32/libesp32.a(dbg_stubs.o)
                              /home/ubuntu/esp32/backup/build/esp32/libesp32.a(cpu_start.o) (esp_dbg_stubs_init)
/home/ubuntu/esp32/backup/build/esp32/libesp32.a(esp_timer_esp32.o)
                              /home/ubuntu/esp32/backup/build/esp32/libesp32.a(esp_timer.o) (esp_timer_impl_get_time)
/home/ubuntu/esp32/backup/build/esp32/libesp32.a(ipc.o)
                              /home/ubuntu/esp32/backup/build/esp32/libesp32.a(intr_alloc.o) (esp_ipc_call_blocking)
/home/ubuntu/esp32/backup/build/esp32/libesp32.a(pm_locks.o)
                              /home/ubuntu/esp32/backup/build/esp32/libesp32.a(pm_esp32.o) (esp_pm_lock_create)
/home/ubuntu/esp32/esp-idf/components/esp32/libhal.a(int_asm--set_intclear.o)
                              /home/ubuntu/esp32/backup/build/esp32/libesp32.a(intr_alloc.o) (xthal_set_intclear)
/home/ubuntu/esp32/backup/build/freertos/libfreertos.a(xtensa_intr.o)
                              /home/ubuntu/esp32/backup/build/esp32/libesp32.a(intr_alloc.o) (xt_unhandled_interrupt)
/home/ubuntu/esp32/backup/build/freertos/libfreertos.a(queue.o)
                              /home/ubuntu/esp32/backup/build/esp32/libesp32.a(ipc.o) (xQueueGenericCreate)
/home/ubuntu/esp32/backup/build/freertos/libfreertos.a(list.o)
                              /home/ubuntu/esp32/backup/build/freertos/libfreertos.a(queue.o) (vListInitialise)
/home/ubuntu/esp32/backup/build/freertos/libfreertos.a(xtensa_init.o)
                              /home/ubuntu/esp32/backup/build/esp32/libesp32.a(pm_esp32.o) (_xt_tick_divisor)
/home/ubuntu/esp32/backup/build/freertos/libfreertos.a(port.o)
                              /home/ubuntu/esp32/backup/build/esp32/libesp32.a(cpu_start.o) (port_xSchedulerRunning)
/home/ubuntu/esp32/backup/build/freertos/libfreertos.a(tasks.o)
                              /home/ubuntu/esp32/backup/build/esp32/libesp32.a(system_api.o) (vTaskSuspendAll)
[...]
Memory Configuration

Name             Origin             Length             Attributes
iram0_0_seg      0x0000000040080000 0x0000000000020000 xr
iram0_2_seg      0x00000000400d0018 0x000000000032ffe8 xr
dram0_0_seg      0x000000003ffb0000 0x000000000002c200 rw
drom0_0_seg      0x000000003f400018 0x00000000003fffe8 r
rtc_iram_seg     0x00000000400c0000 0x0000000000002000 xrw
rtc_data_seg     0x000000003ff80000 0x0000000000002000 rw
rtc_slow_seg     0x0000000050000000 0x0000000000001000 rw
extern_ram_seg   0x000000003f800000 0x0000000000400000 xrw
*default*        0x0000000000000000 0xffffffffffffffff

Linker script and memory map

START GROUP
LOAD /home/ubuntu/esp32/backup/build/app_trace/libapp_trace.a
LOAD /home/ubuntu/esp32/backup/build/app_update/libapp_update.a
LOAD /home/ubuntu/esp32/backup/build/asio/libasio.a
LOAD /home/ubuntu/esp32/backup/build/bootloader_support/libbootloader_support.a
LOAD /home/ubuntu/esp32/backup/build/bt/libbt.a
LOAD /home/ubuntu/esp32/backup/build/coap/libcoap.a
LOAD /home/ubuntu/esp32/backup/build/console/libconsole.a
LOAD /home/ubuntu/esp32/backup/build/cxx/libcxx.a
LOAD /home/ubuntu/esp32/backup/build/driver/libdriver.a
LOAD /home/ubuntu/esp32/backup/build/esp-tls/libesp-tls.a
LOAD /home/ubuntu/esp32/backup/build/esp32/libesp32.a
LOAD /home/ubuntu/esp32/esp-idf/components/esp32/libhal.a
LOAD /home/ubuntu/esp32/esp-idf/components/esp32/lib/libcore.a
LOAD /home/ubuntu/esp32/esp-idf/components/esp32/lib/librtc.a
LOAD /home/ubuntu/esp32/esp-idf/components/esp32/lib/libnet80211.a
LOAD /home/ubuntu/esp32/esp-idf/components/esp32/lib/libpp.a
LOAD /home/ubuntu/esp32/esp-idf/components/esp32/lib/libwpa.a
LOAD /home/ubuntu/esp32/esp-idf/components/esp32/lib/libsmartconfig.a
LOAD /home/ubuntu/esp32/esp-idf/components/esp32/lib/libcoexist.a
LOAD /home/ubuntu/esp32/esp-idf/components/esp32/lib/libwps.a
LOAD /home/ubuntu/esp32/esp-idf/components/esp32/lib/libwpa2.a
LOAD /home/ubuntu/esp32/esp-idf/components/esp32/lib/libespnow.a
LOAD /home/ubuntu/esp32/esp-idf/components/esp32/lib/libphy.a
LOAD /home/ubuntu/esp32/esp-idf/components/esp32/lib/libmesh.a
LOAD /home/ubuntu/esp32/backup/build/esp_adc_cal/libesp_adc_cal.a
LOAD /home/ubuntu/esp32/backup/build/esp_event/libesp_event.a
LOAD /home/ubuntu/esp32/backup/build/esp_http_client/libesp_http_client.a
LOAD /home/ubuntu/esp32/backup/build/esp_http_server/libesp_http_server.a
LOAD /home/ubuntu/esp32/backup/build/esp_https_ota/libesp_https_ota.a
LOAD /home/ubuntu/esp32/backup/build/esp_ringbuf/libesp_ringbuf.a
LOAD /home/ubuntu/esp32/backup/build/ethernet/libethernet.a
LOAD /home/ubuntu/esp32/backup/build/expat/libexpat.a
LOAD /home/ubuntu/esp32/backup/build/fatfs/libfatfs.a
LOAD /home/ubuntu/esp32/backup/build/freemodbus/libfreemodbus.a
LOAD /home/ubuntu/esp32/backup/build/freertos/libfreertos.a
LOAD /home/ubuntu/esp32/backup/build/heap/libheap.a
LOAD /home/ubuntu/esp32/backup/build/idf_test/libidf_test.a
LOAD /home/ubuntu/esp32/backup/build/jsmn/libjsmn.a
LOAD /home/ubuntu/esp32/backup/build/json/libjson.a
LOAD /home/ubuntu/esp32/backup/build/libsodium/liblibsodium.a
LOAD /home/ubuntu/esp32/backup/build/log/liblog.a
LOAD /home/ubuntu/esp32/backup/build/lwip/liblwip.a
LOAD /home/ubuntu/esp32/backup/build/main/libmain.a
LOAD /home/ubuntu/esp32/backup/build/mbedtls/libmbedtls.a
LOAD /home/ubuntu/esp32/backup/build/mdns/libmdns.a
LOAD /home/ubuntu/esp32/backup/build/micro-ecc/libmicro-ecc.a
LOAD /home/ubuntu/esp32/backup/build/mqtt/libmqtt.a
LOAD /home/ubuntu/esp32/esp-idf/components/newlib/lib/libc.a
LOAD /home/ubuntu/esp32/esp-idf/components/newlib/lib/libm.a
LOAD /home/ubuntu/esp32/backup/build/newlib/libnewlib.a
LOAD /home/ubuntu/esp32/backup/build/nghttp/libnghttp.a
LOAD /home/ubuntu/esp32/backup/build/nvs_flash/libnvs_flash.a
LOAD /home/ubuntu/esp32/backup/build/openssl/libopenssl.a
LOAD /home/ubuntu/esp32/backup/build/protobuf-c/libprotobuf-c.a
LOAD /home/ubuntu/esp32/backup/build/protocomm/libprotocomm.a
LOAD /home/ubuntu/esp32/backup/build/pthread/libpthread.a
LOAD /home/ubuntu/esp32/backup/build/sdmmc/libsdmmc.a
LOAD /home/ubuntu/esp32/backup/build/smartconfig_ack/libsmartconfig_ack.a
LOAD /home/ubuntu/esp32/backup/build/soc/libsoc.a
LOAD /home/ubuntu/esp32/backup/build/spi_flash/libspi_flash.a
LOAD /home/ubuntu/esp32/backup/build/spiffs/libspiffs.a
LOAD /home/ubuntu/esp32/backup/build/tcp_transport/libtcp_transport.a
LOAD /home/ubuntu/esp32/backup/build/tcpip_adapter/libtcpip_adapter.a
LOAD /home/ubuntu/esp32/backup/build/ulp/libulp.a
LOAD /home/ubuntu/esp32/backup/build/vfs/libvfs.a
LOAD /home/ubuntu/esp32/backup/build/wear_levelling/libwear_levelling.a
LOAD /home/ubuntu/esp32/backup/build/wifi_provisioning/libwifi_provisioning.a
LOAD /home/ubuntu/esp32/backup/build/wpa_supplicant/libwpa_supplicant.a
LOAD /home/ubuntu/esp32/backup/build/xtensa-debug-module/libxtensa-debug-module.a
LOAD /home/ubuntu/esp32/xtensa-esp32-elf/bin/../lib/gcc/xtensa-esp32-elf/5.2.0/libgcc.a
LOAD /home/ubuntu/esp32/xtensa-esp32-elf/bin/../lib/gcc/xtensa-esp32-elf/5.2.0/../../../../xtensa-esp32-elf/lib/libstdc++.a
LOAD /home/ubuntu/esp32/xtensa-esp32-elf/bin/../lib/gcc/xtensa-esp32-elf/5.2.0/libgcov.a
END GROUP
                0x0000000040000000                _heap_end = 0x40000000
                0x000000003ff80000                _data_seg_org = ORIGIN (rtc_data_seg)

.rtc.text       0x00000000400c0000        0x0
                0x00000000400c0000                . = ALIGN (0x4)
 *(.rtc.literal .rtc.text)
 *rtc_wake_stub*.*(.literal .text .literal.* .text.*)
                0x00000000400c0000                _rtc_text_end = ABSOLUTE (.)

.rtc.dummy      0x000000003ff80000        0x0
                0x000000003ff80000                _rtc_dummy_start = ABSOLUTE (.)
                0x000000003ff80000                _rtc_fast_start = ABSOLUTE (.)
                0x0000000000000000                . = SIZEOF (.rtc.text)
                0x0000000000000000                _rtc_dummy_end = ABSOLUTE (.)

.rtc.force_fast
                0x000000003ff80000        0x0
                0x000000003ff80000                . = ALIGN (0x4)
                0x000000003ff80000                _rtc_force_fast_start = ABSOLUTE (.)
 *(.rtc.force_fast .rtc.force_fast.*)
                0x000000003ff80000                . = ALIGN (0x4)
                0x000000003ff80000                _rtc_force_fast_end = ABSOLUTE (.)

.rtc.data       0x0000000050000000        0x0
                0x0000000050000000                _rtc_data_start = ABSOLUTE (.)
 *(.rtc.data)
 *(.rtc.rodata)
 *rtc_wake_stub*.*(.data .rodata .data.* .rodata.* .bss .bss.*)
                0x0000000050000000                _rtc_data_end = ABSOLUTE (.)

.rtc.bss        0x0000000050000000        0x0
                0x0000000050000000                _rtc_bss_start = ABSOLUTE (.)
 *rtc_wake_stub*.*(.bss .bss.*)
 *rtc_wake_stub*.*(COMMON)
 *(.rtc.bss)
                0x0000000050000000                _rtc_bss_end = ABSOLUTE (.)

.rtc_noinit     0x0000000050000000        0x0
                0x0000000050000000                . = ALIGN (0x4)
                0x0000000050000000                _rtc_noinit_start = ABSOLUTE (.)
 *(.rtc_noinit .rtc_noinit.*)
                0x0000000050000000                . = ALIGN (0x4)
                0x0000000050000000                _rtc_noinit_end = ABSOLUTE (.)

.rtc.force_slow
                0x0000000050000000        0x0
                0x0000000050000000                . = ALIGN (0x4)
                0x0000000050000000                _rtc_force_slow_start = ABSOLUTE (.)
 *(.rtc.force_slow .rtc.force_slow.*)
                0x0000000050000000                . = ALIGN (0x4)
                0x0000000050000000                _rtc_force_slow_end = ABSOLUTE (.)
                0x0000000000000000                _rtc_slow_length = (ORIGIN (rtc_slow_seg) == ORIGIN (rtc_data_location))?(_rtc_force_slow_end - _rtc_data_start):(_rtc_force_slow_end - _rtc_force_slow_start)
                0x0000000000000000                _rtc_fast_length = (ORIGIN (rtc_slow_seg) == ORIGIN (rtc_data_location))?(_rtc_force_fast_end - _rtc_fast_start):(_rtc_noinit_end - _rtc_fast_start)
                0x0000000000000001                ASSERT ((_rtc_slow_length <= 0x1000), RTC_SLOW segment data does not fit.)
                0x0000000000000001                ASSERT ((_rtc_fast_length <= 0x2000), RTC_FAST segment data does not fit.)

.iram0.vectors  0x0000000040080000      0x400
                0x0000000040080000                _iram_start = ABSOLUTE (.)
                0x0000000040080000                _init_start = ABSOLUTE (.)
                0x0000000000000000                . = 0x0
 *(.WindowVectors.text)
 .WindowVectors.text
                0x0000000040080000      0x16a /home/ubuntu/esp32/backup/build/freertos/libfreertos.a(xtensa_vectors.o)
                0x0000000040080000                _WindowOverflow4
                0x0000000040080040                _WindowUnderflow4
                0x0000000040080050                _xt_alloca_exc
                0x0000000040080080                _WindowOverflow8
                0x00000000400800c0                _WindowUnderflow8
                0x0000000040080100                _WindowOverflow12
                0x0000000040080140                _WindowUnderflow12
                0x0000000000000180                . = 0x180
 *fill*         0x000000004008016a       0x16 
 *(.Level2InterruptVector.text)
 .Level2InterruptVector.text
                0x0000000040080180        0x6 /home/ubuntu/esp32/backup/build/freertos/libfreertos.a(xtensa_vectors.o)
                0x0000000040080180                _Level2Vector
                0x00000000000001c0                . = 0x1c0
 *fill*         0x0000000040080186       0x3a 
 *(.Level3InterruptVector.text)
 .Level3InterruptVector.text
                0x00000000400801c0        0x6 /home/ubuntu/esp32/backup/build/freertos/libfreertos.a(xtensa_vectors.o)
                0x00000000400801c0                _Level3Vector
                0x0000000000000200                . = 0x200
 *fill*         0x00000000400801c6       0x3a 
 *(.Level4InterruptVector.text)
 .Level4InterruptVector.text
                0x0000000040080200        0x6 /home/ubuntu/esp32/backup/build/freertos/libfreertos.a(xtensa_vectors.o)
                0x0000000040080200                _Level4Vector
                0x0000000000000240                . = 0x240
 *fill*         0x0000000040080206       0x3a 
 *(.Level5InterruptVector.text)
 .Level5InterruptVector.text
                0x0000000040080240        0x6 /home/ubuntu/esp32/backup/build/freertos/libfreertos.a(xtensa_vectors.o)
                0x0000000040080240                _Level5Vector
                0x0000000000000280                . = 0x280
 *fill*         0x0000000040080246       0x3a 
 *(.DebugExceptionVector.text)
 .DebugExceptionVector.text
                0x0000000040080280        0x6 /home/ubuntu/esp32/backup/build/freertos/libfreertos.a(xtensa_vectors.o)
                0x0000000040080280                _DebugExceptionVector
                0x00000000000002c0                . = 0x2c0
 *fill*         0x0000000040080286       0x3a 
 *(.NMIExceptionVector.text)
 .NMIExceptionVector.text
                0x00000000400802c0        0x6 /home/ubuntu/esp32/backup/build/freertos/libfreertos.a(xtensa_vectors.o)
                0x00000000400802c0                _NMIExceptionVector
                0x0000000000000300                . = 0x300
 *fill*         0x00000000400802c6       0x3a 
 *(.KernelExceptionVector.text)
 .KernelExceptionVector.text
                0x0000000040080300        0x6 /home/ubuntu/esp32/backup/build/freertos/libfreertos.a(xtensa_vectors.o)
                0x0000000040080300                _KernelExceptionVector
                0x0000000000000340                . = 0x340
 *fill*         0x0000000040080306       0x3a 
 *(.UserExceptionVector.text)
 .UserExceptionVector.text
                0x0000000040080340        0x6 /home/ubuntu/esp32/backup/build/freertos/libfreertos.a(xtensa_vectors.o)
                0x0000000040080340                _UserExceptionVector
                0x00000000000003c0                . = 0x3c0
 *fill*         0x0000000040080346       0x7a 
 *(.DoubleExceptionVector.text)
 .DoubleExceptionVector.text
                0x00000000400803c0        0xf /home/ubuntu/esp32/backup/build/freertos/libfreertos.a(xtensa_vectors.o)
                0x00000000400803c0                _DoubleExceptionVector
                0x0000000000000400                . = 0x400
 *fill*         0x00000000400803cf       0x31 
 *(.*Vector.literal)
 *(.UserEnter.literal)
 *(.UserEnter.text)
                0x0000000040080400                . = ALIGN (0x10)
 *(.entry.text)
 *(.init.literal)
 *(.init)
                0x0000000040080400                _init_end = ABSOLUTE (.)

.iram0.text     0x0000000040080400     0xa33c
                0x0000000040080400                _iram_text_start = ABSOLUTE (.)
 *(.iram1 .iram1.*)
 .iram1.literal
                0x0000000040080400       0xb4 /home/ubuntu/esp32/backup/build/esp32/libesp32.a(cpu_start.o)
                                        0x1dc (size before relaxing)
 .iram1.literal
                0x00000000400804b4        0xc /home/ubuntu/esp32/backup/build/esp32/libesp32.a(int_wdt.o)
 .iram1.literal
                0x00000000400804c0        0xc /home/ubuntu/esp32/backup/build/esp32/libesp32.a(clk.o)
                                         0x20 (size before relaxing)
 .iram1.literal
                0x00000000400804cc        0x4 /home/ubuntu/esp32/backup/build/esp32/libesp32.a(freertos_hooks.o)
 .iram1.literal
                0x00000000400804d0       0x1c /home/ubuntu/esp32/backup/build/esp32/libesp32.a(crosscore_int.o)
                                         0x40 (size before relaxing)
 .iram1.literal
                0x00000000400804ec        0xc /home/ubuntu/esp32/backup/build/esp32/libesp32.a(cache_err_int.o)
                                         0x18 (size before relaxing)
 .iram1.literal
                0x00000000400804f8       0x20 /home/ubuntu/esp32/backup/build/esp32/libesp32.a(intr_alloc.o)
                                         0x7c (size before relaxing)
 .iram1.literal
                0x0000000040080518       0x28 /home/ubuntu/esp32/backup/build/esp32/libesp32.a(esp_timer.o)
                                         0x60 (size before relaxing)
 .iram1.literal
                0x0000000040080540       0x38 /home/ubuntu/esp32/backup/build/esp32/libesp32.a(dport_access.o)
                                         0x88 (size before relaxing)
 .iram1.literal
                0x0000000040080578       0x40 /home/ubuntu/esp32/backup/build/esp32/libesp32.a(system_api.o)
                                         0xb8 (size before relaxing)
 .iram1.literal
                0x00000000400805b8       0x10 /home/ubuntu/esp32/backup/build/esp32/libesp32.a(dport_panic_highint_hdl.o)
                                         0x28 (size before relaxing)
 .iram1.literal
                0x00000000400805c8       0x60 /home/ubuntu/esp32/backup/build/esp32/libesp32.a(esp_timer_esp32.o)
                                         0xf8 (size before relaxing)
 .iram1.literal
                0x0000000040080628       0x20 /home/ubuntu/esp32/backup/build/esp32/libesp32.a(ipc.o)
                                         0x34 (size before relaxing)
 .iram1.literal
                0x0000000040080648        0x4 /home/ubuntu/esp32/backup/build/freertos/libfreertos.a(port.o)
 .iram1.literal
                0x000000004008064c       0x44 /home/ubuntu/esp32/backup/build/freertos/libfreertos.a(xtensa_vectors.o)
                                         0x68 (size before relaxing)
 .iram1.literal
                0x0000000040080690       0x58 /home/ubuntu/esp32/backup/build/heap/libheap.a(heap_caps.o)
                                         0xb0 (size before relaxing)
 .iram1.literal
                0x00000000400806e8       0x24 /home/ubuntu/esp32/backup/build/log/liblog.a(log.o)
                                         0x48 (size before relaxing)
 .iram1.literal
                0x000000004008070c        0x4 /home/ubuntu/esp32/backup/build/newlib/libnewlib.a(time.o)
                                         0x1c (size before relaxing)
 .iram1.literal
                0x0000000040080710        0x8 /home/ubuntu/esp32/backup/build/newlib/libnewlib.a(reent_init.o)
                                         0x10 (size before relaxing)
 .iram1.literal
                0x0000000040080718        0x4 /home/ubuntu/esp32/backup/build/newlib/libnewlib.a(syscalls.o)
                                         0x14 (size before relaxing)
 .iram1.literal
                0x000000004008071c       0x14 /home/ubuntu/esp32/backup/build/newlib/libnewlib.a(locks.o)
                                         0x90 (size before relaxing)
 .iram1.literal
                0x0000000040080730       0x1c /home/ubuntu/esp32/backup/build/soc/libsoc.a(cpu_util.o)
                                         0x30 (size before relaxing)
 .iram1.literal
                0x000000004008074c       0x50 /home/ubuntu/esp32/backup/build/spi_flash/libspi_flash.a(cache_utils.o)
                                        0x120 (size before relaxing)
 .iram1.literal
                0x000000004008079c       0x38 /home/ubuntu/esp32/backup/build/spi_flash/libspi_flash.a(flash_ops.o)
                                         0xe4 (size before relaxing)
 .iram1.literal
                0x00000000400807d4       0x50 /home/ubuntu/esp32/backup/build/spi_flash/libspi_flash.a(flash_mmap.o)
                                        0x170 (size before relaxing)
 .iram1.literal
                0x0000000040080824       0xe8 /home/ubuntu/esp32/backup/build/driver/libdriver.a(spi_master.o)
                                        0x24c (size before relaxing)
 .iram1.literal
                0x000000004008090c       0x24 /home/ubuntu/esp32/backup/build/driver/libdriver.a(spi_common.o)
                                         0x70 (size before relaxing)
 .literal.prvGetFreeSize
                0x0000000040080930        0xc /home/ubuntu/esp32/backup/build/esp_ringbuf/libesp_ringbuf.a(ringbuf.o)
                                         0x14 (size before relaxing)
 .literal.prvReceiveGeneric
                0x000000004008093c        0x4 /home/ubuntu/esp32/backup/build/esp_ringbuf/libesp_ringbuf.a(ringbuf.o)
                                         0x3c (size before relaxing)
 .literal.xRingbufferSend
                0x0000000040080940        0x4 /home/ubuntu/esp32/backup/build/esp_ringbuf/libesp_ringbuf.a(ringbuf.o)
                                         0x40 (size before relaxing)
 .literal.xRingbufferReceive
                0x0000000040080944        0x4 /home/ubuntu/esp32/backup/build/esp_ringbuf/libesp_ringbuf.a(ringbuf.o)
                                         0x18 (size before relaxing)
 .literal.vRingbufferReturnItem
                0x0000000040080948        0x4 /home/ubuntu/esp32/backup/build/esp_ringbuf/libesp_ringbuf.a(ringbuf.o)
                                         0x28 (size before relaxing)
 .literal.xt_unhandled_interrupt
                0x000000004008094c        0x4 /home/ubuntu/esp32/backup/build/freertos/libfreertos.a(xtensa_intr.o)
                                          0x8 (size before relaxing)
 .literal.xt_set_interrupt_handler
                0x0000000040080950        0x8 /home/ubuntu/esp32/backup/build/freertos/libfreertos.a(xtensa_intr.o)
                                          0xc (size before relaxing)
 .literal.prvIsQueueFull
                0x0000000040080958        0x0 /home/ubuntu/esp32/backup/build/freertos/libfreertos.a(queue.o)
                                          0x8 (size before relaxing)
 .literal.prvCopyDataToQueue
                0x0000000040080958        0x0 /home/ubuntu/esp32/backup/build/freertos/libfreertos.a(queue.o)
                                          0xc (size before relaxing)
 .literal.prvNotifyQueueSetContainer
                0x0000000040080958       0x14 /home/ubuntu/esp32/backup/build/freertos/libfreertos.a(queue.o)
                                         0x34 (size before relaxing)
 .literal.prvCopyDataFromQueue
                0x000000004008096c        0x0 /home/ubuntu/esp32/backup/build/freertos/libfreertos.a(queue.o)
                                          0x4 (size before relaxing)
 .literal.xQueueGenericReset
                0x000000004008096c        0x4 /home/ubuntu/esp32/backup/build/freertos/libfreertos.a(queue.o)
                                         0x30 (size before relaxing)
 .literal.prvInitialiseNewQueue
                0x0000000040080970        0x0 /home/ubuntu/esp32/backup/build/freertos/libfreertos.a(queue.o)
                                          0x4 (size before relaxing)
 .literal.xQueueGenericCreate
                0x0000000040080970        0x4 /home/ubuntu/esp32/backup/build/freertos/libfreertos.a(queue.o)
                                         0x1c (size before relaxing)
 .literal.xQueueGetMutexHolder
                0x0000000040080974        0x0 /home/ubuntu/esp32/backup/build/freertos/libfreertos.a(queue.o)
                                          0x8 (size before relaxing)
 .literal.xQueueCreateCountingSemaphore
                0x0000000040080974        0x4 /home/ubuntu/esp32/backup/build/freertos/libfreertos.a(queue.o)
                                         0x28 (size before relaxing)
 .literal.xQueueGenericSend
                0x0000000040080978        0x4 /home/ubuntu/esp32/backup/build/freertos/libfreertos.a(queue.o)
                                         0x7c (size before relaxing)
 .literal.prvInitialiseMutex
                0x000000004008097c        0x0 /home/ubuntu/esp32/backup/build/freertos/libfreertos.a(queue.o)
                                          0x8 (size before relaxing)
 .literal.xQueueCreateMutex
                0x000000004008097c        0x0 /home/ubuntu/esp32/backup/build/freertos/libfreertos.a(queue.o)
                                          0x8 (size before relaxing)
 .literal.xQueueGiveMutexRecursive
                0x000000004008097c        0x4 /home/ubuntu/esp32/backup/build/freertos/libfreertos.a(queue.o)
                                         0x1c (size before relaxing)
 .literal.xQueueGenericSendFromISR
                0x0000000040080980        0x4 /home/ubuntu/esp32/backup/build/freertos/libfreertos.a(queue.o)
                                         0x3c (size before relaxing)
 .literal.xQueueGiveFromISR
                0x0000000040080984        0x4 /home/ubuntu/esp32/backup/build/freertos/libfreertos.a(queue.o)
                                         0x30 (size before relaxing)
 .literal.xQueueGenericReceive
                0x0000000040080988        0x4 /home/ubuntu/esp32/backup/build/freertos/libfreertos.a(queue.o)
                                         0x78 (size before relaxing)
 .literal.xQueueTakeMutexRecursive
                0x000000004008098c        0x4 /home/ubuntu/esp32/backup/build/freertos/libfreertos.a(queue.o)
                                         0x1c (size before relaxing)
 .literal.xQueueReceiveFromISR
                0x0000000040080990        0x4 /home/ubuntu/esp32/backup/build/freertos/libfreertos.a(queue.o)
                                         0x30 (size before relaxing)
 .literal.uxQueueMessagesWaiting
                0x0000000040080994        0x4 /home/ubuntu/esp32/backup/build/freertos/libfreertos.a(queue.o)
                                         0x1c (size before relaxing)
 .literal.vQueueDelete
                0x0000000040080998        0x4 /home/ubuntu/esp32/backup/build/freertos/libfreertos.a(queue.o)
                                         0x18 (size before relaxing)
 .literal.vQueueWaitForMessageRestricted
                0x000000004008099c        0x0 /home/ubuntu/esp32/backup/build/freertos/libfreertos.a(queue.o)
                                          0xc (size before relaxing)
 .literal._xt_tick_divisor_init
                0x000000004008099c        0x8 /home/ubuntu/esp32/backup/build/freertos/libfreertos.a(xtensa_init.o)
                                          0xc (size before relaxing)
 .literal.vPortTaskWrapper
                0x00000000400809a4        0x8 /home/ubuntu/esp32/backup/build/freertos/libfreertos.a(port.o)
                                         0x18 (size before relaxing)
 .literal.pxPortInitialiseStack
                0x00000000400809ac       0x14 /home/ubuntu/esp32/backup/build/freertos/libfreertos.a(port.o)
                                         0x1c (size before relaxing)
 .literal.xPortStartScheduler
                0x00000000400809c0        0x0 /home/ubuntu/esp32/backup/build/freertos/libfreertos.a(port.o)
                                         0x14 (size before relaxing)
 .literal.xPortSysTickHandler
                0x00000000400809c0        0x0 /home/ubuntu/esp32/backup/build/freertos/libfreertos.a(port.o)
                                          0x8 (size before relaxing)
 .literal.vPortYieldOtherCore
                0x00000000400809c0        0x0 /home/ubuntu/esp32/backup/build/freertos/libfreertos.a(port.o)
                                          0x4 (size before relaxing)
 .literal.vPortReleaseTaskMPUSettings
                0x00000000400809c0        0x0 /home/ubuntu/esp32/backup/build/freertos/libfreertos.a(port.o)
                                          0x4 (size before relaxing)
 .literal.xPortInIsrContext
                0x00000000400809c0        0x0 /home/ubuntu/esp32/backup/build/freertos/libfreertos.a(port.o)
                                          0x8 (size before relaxing)
 .literal.vPortCPUInitializeMutex
                0x00000000400809c0        0x4 /home/ubuntu/esp32/backup/build/freertos/libfreertos.a(port.o)
 .literal.vPortCPUAcquireMutex
                0x00000000400809c4       0x1c /home/ubuntu/esp32/backup/build/freertos/libfreertos.a(port.o)
                                         0x30 (size before relaxing)
 .literal.vPortCPUReleaseMutex
                0x00000000400809e0        0xc /home/ubuntu/esp32/backup/build/freertos/libfreertos.a(port.o)
                                         0x20 (size before relaxing)
 .literal.prvResetNextTaskUnblockTime
                0x00000000400809ec        0x8 /home/ubuntu/esp32/backup/build/freertos/libfreertos.a(tasks.o)
 .literal.prvDeleteTLS
                0x00000000400809f4       0x10 /home/ubuntu/esp32/backup/build/freertos/libfreertos.a(tasks.o)
                                         0x18 (size before relaxing)
 .literal.prvInitialiseNewTask
                0x0000000040080a04        0x0 /home/ubuntu/esp32/backup/build/freertos/libfreertos.a(tasks.o)
                                         0x18 (size before relaxing)
 .literal.prvInitialiseTaskLists
                0x0000000040080a04       0x20 /home/ubuntu/esp32/backup/build/freertos/libfreertos.a(tasks.o)
                                         0x40 (size before relaxing)
 .literal.prvDeleteTCB
                0x0000000040080a24        0x8 /home/ubuntu/esp32/backup/build/freertos/libfreertos.a(tasks.o)
                                         0x2c (size before relaxing)
 .literal.prvAddCurrentTaskToDelayedList
                0x0000000040080a2c        0x4 /home/ubuntu/esp32/backup/build/freertos/libfreertos.a(tasks.o)
                                         0x1c (size before relaxing)
 .literal.taskYIELD_OTHER_CORE
                0x0000000040080a30        0x0 /home/ubuntu/esp32/backup/build/freertos/libfreertos.a(tasks.o)
                                         0x10 (size before relaxing)
 .literal.vTaskSuspendAll
                0x0000000040080a30        0x4 /home/ubuntu/esp32/backup/build/freertos/libfreertos.a(tasks.o)
                                          0x8 (size before relaxing)
 .literal.xTaskGetTickCount
                0x0000000040080a34        0x0 /home/ubuntu/esp32/backup/build/freertos/libfreertos.a(tasks.o)
                                          0x4 (size before relaxing)
 .literal.xTaskGetIdleTaskHandleForCPU
                0x0000000040080a34        0xc /home/ubuntu/esp32/backup/build/freertos/libfreertos.a(tasks.o)
                                         0x1c (size before relaxing)
 .literal.vTaskSwitchContext
                0x0000000040080a40       0x18 /home/ubuntu/esp32/backup/build/freertos/libfreertos.a(tasks.o)
                                         0x3c (size before relaxing)
 .literal.vTaskSetTimeOutState
                0x0000000040080a58        0xc /home/ubuntu/esp32/backup/build/freertos/libfreertos.a(tasks.o)
                                         0x20 (size before relaxing)
 .literal.xTaskGetCurrentTaskHandle
                0x0000000040080a64        0x0 /home/ubuntu/esp32/backup/build/freertos/libfreertos.a(tasks.o)
                                          0x8 (size before relaxing)
 .literal.__getreent
                0x0000000040080a64        0x0 /home/ubuntu/esp32/backup/build/freertos/libfreertos.a(tasks.o)
                                          0x8 (size before relaxing)
 .literal.pcTaskGetTaskName
                0x0000000040080a64        0x8 /home/ubuntu/esp32/backup/build/freertos/libfreertos.a(tasks.o)
                                         0x1c (size before relaxing)
 .literal.xTaskGetAffinity
                0x0000000040080a6c        0x0 /home/ubuntu/esp32/backup/build/freertos/libfreertos.a(tasks.o)
                                          0x4 (size before relaxing)
 .literal.xTaskGetCurrentTaskHandleForCPU
                0x0000000040080a6c        0x0 /home/ubuntu/esp32/backup/build/freertos/libfreertos.a(tasks.o)
                                          0x4 (size before relaxing)
 .literal.xTaskGetSchedulerState
                0x0000000040080a6c        0x4 /home/ubuntu/esp32/backup/build/freertos/libfreertos.a(tasks.o)
                                          0xc (size before relaxing)
 .literal.vTaskEnterCritical
                0x0000000040080a70       0x14 /home/ubuntu/esp32/backup/build/freertos/libfreertos.a(tasks.o)
                                         0x34 (size before relaxing)
 .literal.vTaskExitCritical
                0x0000000040080a84        0xc /home/ubuntu/esp32/backup/build/freertos/libfreertos.a(tasks.o)
                                         0x28 (size before relaxing)
 .literal.prvAddNewTaskToReadyList
                0x0000000040080a90       0x10 /home/ubuntu/esp32/backup/build/freertos/libfreertos.a(tasks.o)
                                         0x58 (size before relaxing)
 .literal.xTaskCreatePinnedToCore
                0x0000000040080aa0        0x0 /home/ubuntu/esp32/backup/build/freertos/libfreertos.a(tasks.o)
                                         0x18 (size before relaxing)
 .literal.vTaskStartScheduler
                0x0000000040080aa0       0x10 /home/ubuntu/esp32/backup/build/freertos/libfreertos.a(tasks.o)
                                         0x3c (size before relaxing)
 .literal.vTaskDelete
                0x0000000040080ab0        0x8 /home/ubuntu/esp32/backup/build/freertos/libfreertos.a(tasks.o)
                                         0x60 (size before relaxing)
 .literal.vTaskDelay
                0x0000000040080ab8        0x4 /home/ubuntu/esp32/backup/build/freertos/libfreertos.a(tasks.o)
                                         0x38 (size before relaxing)
 .literal.uxTaskPriorityGet
                0x0000000040080abc        0x0 /home/ubuntu/esp32/backup/build/freertos/libfreertos.a(tasks.o)
                                         0x10 (size before relaxing)
 .literal.vTaskPrioritySet
                0x0000000040080abc        0x4 /home/ubuntu/esp32/backup/build/freertos/libfreertos.a(tasks.o)
                                         0x44 (size before relaxing)
 .literal.prvCheckTasksWaitingTermination
                0x0000000040080ac0        0x8 /home/ubuntu/esp32/backup/build/freertos/libfreertos.a(tasks.o)
                                         0x30 (size before relaxing)
 .literal.prvIdleTask
                0x0000000040080ac8        0x0 /home/ubuntu/esp32/backup/build/freertos/libfreertos.a(tasks.o)
                                          0x8 (size before relaxing)
 .literal.xTaskIncrementTick
                0x0000000040080ac8        0xc /home/ubuntu/esp32/backup/build/freertos/libfreertos.a(tasks.o)
                                         0x6c (size before relaxing)
 .literal.xTaskResumeAll
                0x0000000040080ad4        0x8 /home/ubuntu/esp32/backup/build/freertos/libfreertos.a(tasks.o)
                                         0x5c (size before relaxing)
 .literal.vTaskPlaceOnEventList
                0x0000000040080adc        0x8 /home/ubuntu/esp32/backup/build/freertos/libfreertos.a(tasks.o)
                                         0x40 (size before relaxing)
 .literal.vTaskPlaceOnEventListRestricted
                0x0000000040080ae4        0x8 /home/ubuntu/esp32/backup/build/freertos/libfreertos.a(tasks.o)
                                         0x38 (size before relaxing)
 .literal.xTaskRemoveFromEventList
                0x0000000040080aec        0x8 /home/ubuntu/esp32/backup/build/freertos/libfreertos.a(tasks.o)
                                         0x58 (size before relaxing)
 .literal.xTaskCheckForTimeOut
                0x0000000040080af4        0xc /home/ubuntu/esp32/backup/build/freertos/libfreertos.a(tasks.o)
                                         0x3c (size before relaxing)
 .literal.vTaskPriorityInherit
                0x0000000040080b00        0x0 /home/ubuntu/esp32/backup/build/freertos/libfreertos.a(tasks.o)
                                         0x28 (size before relaxing)
 .literal.xTaskPriorityDisinherit
                0x0000000040080b00        0x8 /home/ubuntu/esp32/backup/build/freertos/libfreertos.a(tasks.o)
                                         0x3c (size before relaxing)
 .literal.pvTaskIncrementMutexHeldCount
                0x0000000040080b08        0x0 /home/ubuntu/esp32/backup/build/freertos/libfreertos.a(tasks.o)
                                         0x10 (size before relaxing)
 .literal.prvGetNextExpireTime
                0x0000000040080b08        0x4 /home/ubuntu/esp32/backup/build/freertos/libfreertos.a(timers.o)
 .literal.prvInsertTimerInActiveList
                0x0000000040080b0c        0x4 /home/ubuntu/esp32/backup/build/freertos/libfreertos.a(timers.o)
                                         0x10 (size before relaxing)
 .literal.prvCheckForValidListAndQueue
                0x0000000040080b10       0x1c /home/ubuntu/esp32/backup/build/freertos/libfreertos.a(timers.o)
                                         0x44 (size before relaxing)
 .literal.xTimerCreateTimerTask
                0x0000000040080b2c        0xc /home/ubuntu/esp32/backup/build/freertos/libfreertos.a(timers.o)
                                         0x2c (size before relaxing)
 .literal.xTimerGenericCommand
                0x0000000040080b38        0x0 /home/ubuntu/esp32/backup/build/freertos/libfreertos.a(timers.o)
                                         0x14 (size before relaxing)
 .literal.prvSwitchTimerLists
                0x0000000040080b38        0x4 /home/ubuntu/esp32/backup/build/freertos/libfreertos.a(timers.o)
                                         0x28 (size before relaxing)
 .literal.prvSampleTimeNow
                0x0000000040080b3c        0x4 /home/ubuntu/esp32/backup/build/freertos/libfreertos.a(timers.o)
                                          0xc (size before relaxing)
 .literal.prvProcessExpiredTimer
                0x0000000040080b40        0x4 /home/ubuntu/esp32/backup/build/freertos/libfreertos.a(timers.o)
                                         0x24 (size before relaxing)
 .literal.prvProcessTimerOrBlockTask
                0x0000000040080b44        0x0 /home/ubuntu/esp32/backup/build/freertos/libfreertos.a(timers.o)
                                         0x24 (size before relaxing)
 .literal.prvProcessReceivedCommands
                0x0000000040080b44        0x8 /home/ubuntu/esp32/backup/build/freertos/libfreertos.a(timers.o)
                                         0x40 (size before relaxing)
 .literal.prvTimerTask
                0x0000000040080b4c        0x0 /home/ubuntu/esp32/backup/build/freertos/libfreertos.a(timers.o)
                                          0xc (size before relaxing)
 .literal       0x0000000040080b4c        0x0 /home/ubuntu/esp32/backup/build/freertos/libfreertos.a(xtensa_context.o)
                                         0x10 (size before relaxing)
 .literal       0x0000000040080b4c        0xc /home/ubuntu/esp32/backup/build/freertos/libfreertos.a(portasm.o)
                                         0x54 (size before relaxing)
 .literal.get_prev_free_block
                0x0000000040080b58       0x10 /home/ubuntu/esp32/backup/build/heap/libheap.a(multi_heap.o)
                                         0x28 (size before relaxing)
 .literal.split_if_necessary
                0x0000000040080b68       0x10 /home/ubuntu/esp32/backup/build/heap/libheap.a(multi_heap.o)
                                         0x50 (size before relaxing)
 .literal.assert_valid_block
                0x0000000040080b78        0x0 /home/ubuntu/esp32/backup/build/heap/libheap.a(multi_heap.o)
                                         0x2c (size before relaxing)
 .literal.merge_adjacent
                0x0000000040080b78        0x8 /home/ubuntu/esp32/backup/build/heap/libheap.a(multi_heap.o)
                                         0x4c (size before relaxing)
 .literal.multi_heap_get_allocated_size_impl
                0x0000000040080b80        0x0 /home/ubuntu/esp32/backup/build/heap/libheap.a(multi_heap.o)
                                         0x10 (size before relaxing)
 .literal.multi_heap_malloc_impl
                0x0000000040080b80        0x0 /home/ubuntu/esp32/backup/build/heap/libheap.a(multi_heap.o)
                                         0x28 (size before relaxing)
 .literal.multi_heap_free_impl
                0x0000000040080b80        0x0 /home/ubuntu/esp32/backup/build/heap/libheap.a(multi_heap.o)
                                         0x50 (size before relaxing)
 .literal.multi_heap_realloc_impl
                0x0000000040080b80        0x8 /home/ubuntu/esp32/backup/build/heap/libheap.a(multi_heap.o)
                                         0x68 (size before relaxing)
 .literal.panicPutChar
                0x0000000040080b88        0x4 /home/ubuntu/esp32/backup/build/esp32/libesp32.a(panic.o)
                                          0x8 (size before relaxing)
 .literal.panicPutStr
                0x0000000040080b8c        0x0 /home/ubuntu/esp32/backup/build/esp32/libesp32.a(panic.o)
                                          0x4 (size before relaxing)
 .literal.panicPutHex
                0x0000000040080b8c        0x0 /home/ubuntu/esp32/backup/build/esp32/libesp32.a(panic.o)
                                          0x8 (size before relaxing)
 .literal.panicPutDec
                0x0000000040080b8c        0x4 /home/ubuntu/esp32/backup/build/esp32/libesp32.a(panic.o)
                                         0x10 (size before relaxing)
 .literal.reconfigureAllWdts
                0x0000000040080b90        0xc /home/ubuntu/esp32/backup/build/esp32/libesp32.a(panic.o)
                                         0x24 (size before relaxing)
 .literal.putEntry
                0x0000000040080b9c        0xc /home/ubuntu/esp32/backup/build/esp32/libesp32.a(panic.o)
                                         0x20 (size before relaxing)
 .literal.doBacktrace
                0x0000000040080ba8       0x10 /home/ubuntu/esp32/backup/build/esp32/libesp32.a(panic.o)
                                         0x24 (size before relaxing)
 .literal.invoke_abort
                0x0000000040080bb8        0x4 /home/ubuntu/esp32/backup/build/esp32/libesp32.a(panic.o)
                                          0x8 (size before relaxing)
 .literal.haltOtherCore
                0x0000000040080bbc        0x0 /home/ubuntu/esp32/backup/build/esp32/libesp32.a(panic.o)
                                          0x4 (size before relaxing)
 .literal.commonErrorHandler_dump
                0x0000000040080bbc       0x30 /home/ubuntu/esp32/backup/build/esp32/libesp32.a(panic.o)
                                         0x90 (size before relaxing)
 .literal.esp_panic_dig_reset
                0x0000000040080bec        0x0 /home/ubuntu/esp32/backup/build/esp32/libesp32.a(panic.o)
                                         0x18 (size before relaxing)
 .literal.commonErrorHandler
                0x0000000040080bec        0x8 /home/ubuntu/esp32/backup/build/esp32/libesp32.a(panic.o)
                                         0x4c (size before relaxing)
 .literal.esp_error_check_failed_print
                0x0000000040080bf4       0x14 /home/ubuntu/esp32/backup/build/esp32/libesp32.a(panic.o)
                                         0x2c (size before relaxing)
 .literal.abort
                0x0000000040080c08        0x8 /home/ubuntu/esp32/backup/build/esp32/libesp32.a(panic.o)
                                         0x18 (size before relaxing)
 .literal.vApplicationStackOverflowHook
                0x0000000040080c10        0x8 /home/ubuntu/esp32/backup/build/esp32/libesp32.a(panic.o)
                                         0x18 (size before relaxing)
 .literal.panicHandler
                0x0000000040080c18       0x34 /home/ubuntu/esp32/backup/build/esp32/libesp32.a(panic.o)
                                         0xa8 (size before relaxing)
 .literal.xt_unhandled_exception
                0x0000000040080c4c       0x18 /home/ubuntu/esp32/backup/build/esp32/libesp32.a(panic.o)
                                         0x64 (size before relaxing)
 .literal._esp_error_check_failed
                0x0000000040080c64        0x4 /home/ubuntu/esp32/backup/build/esp32/libesp32.a(panic.o)
                                          0xc (size before relaxing)
 .literal.rtc_wdt_get_protect_status
                0x0000000040080c68        0x8 /home/ubuntu/esp32/backup/build/soc/libsoc.a(rtc_wdt.o)
 .literal.rtc_wdt_protect_off
                0x0000000040080c70        0x0 /home/ubuntu/esp32/backup/build/soc/libsoc.a(rtc_wdt.o)
                                          0x8 (size before relaxing)
 .literal.rtc_wdt_protect_on
                0x0000000040080c70        0x0 /home/ubuntu/esp32/backup/build/soc/libsoc.a(rtc_wdt.o)
                                          0x4 (size before relaxing)
 .literal.rtc_wdt_enable
                0x0000000040080c70        0xc /home/ubuntu/esp32/backup/build/soc/libsoc.a(rtc_wdt.o)
                                         0x10 (size before relaxing)
 .literal.rtc_wdt_feed
                0x0000000040080c7c        0x0 /home/ubuntu/esp32/backup/build/soc/libsoc.a(rtc_wdt.o)
                                         0x14 (size before relaxing)
 .literal.rtc_wdt_set_time
                0x0000000040080c7c       0x14 /home/ubuntu/esp32/backup/build/soc/libsoc.a(rtc_wdt.o)
                                         0x20 (size before relaxing)
 .literal.rtc_wdt_set_stage
                0x0000000040080c90       0x10 /home/ubuntu/esp32/backup/build/soc/libsoc.a(rtc_wdt.o)
                                         0x14 (size before relaxing)
 .literal.rtc_wdt_disable
                0x0000000040080ca0        0x0 /home/ubuntu/esp32/backup/build/soc/libsoc.a(rtc_wdt.o)
                                         0x2c (size before relaxing)
 .literal.rtc_wdt_set_length_of_reset_signal
                0x0000000040080ca0        0x8 /home/ubuntu/esp32/backup/build/soc/libsoc.a(rtc_wdt.o)
                                          0xc (size before relaxing)
 .literal.rtc_wdt_is_on
                0x0000000040080ca8        0x0 /home/ubuntu/esp32/backup/build/soc/libsoc.a(rtc_wdt.o)
                                          0x4 (size before relaxing)
 .literal.rtc_clk_cal_internal
                0x0000000040080ca8       0x3c /home/ubuntu/esp32/backup/build/soc/libsoc.a(rtc_time.o)
                                         0x68 (size before relaxing)
 .literal.rtc_clk_cal
                0x0000000040080ce4        0x0 /home/ubuntu/esp32/backup/build/soc/libsoc.a(rtc_time.o)
                                          0xc (size before relaxing)
 .literal.rtc_time_get
                0x0000000040080ce4       0x10 /home/ubuntu/esp32/backup/build/soc/libsoc.a(rtc_time.o)
                                         0x18 (size before relaxing)
 .literal.rtc_clk_wait_for_slow_cycle
                0x0000000040080cf4        0x8 /home/ubuntu/esp32/backup/build/soc/libsoc.a(rtc_time.o)
                                         0x20 (size before relaxing)
 .literal.rtc_init
                0x0000000040080cfc       0x64 /home/ubuntu/esp32/backup/build/soc/libsoc.a(rtc_init.o)
                                         0xdc (size before relaxing)
 .literal.rtc_clk_32k_enable_common
                0x0000000040080d60       0x14 /home/ubuntu/esp32/backup/build/soc/libsoc.a(rtc_clk.o)
 .literal.rtc_clk_bbpll_disable
                0x0000000040080d74        0x4 /home/ubuntu/esp32/backup/build/soc/libsoc.a(rtc_clk.o)
                                         0x10 (size before relaxing)
 .literal.rtc_clk_bbpll_enable
                0x0000000040080d78        0x4 /home/ubuntu/esp32/backup/build/soc/libsoc.a(rtc_clk.o)
                                          0x8 (size before relaxing)
 .literal.rtc_clk_32k_enable
                0x0000000040080d7c        0x0 /home/ubuntu/esp32/backup/build/soc/libsoc.a(rtc_clk.o)
                                          0xc (size before relaxing)
 .literal.rtc_clk_32k_enable_external
                0x0000000040080d7c        0x0 /home/ubuntu/esp32/backup/build/soc/libsoc.a(rtc_clk.o)
                                          0x4 (size before relaxing)
 .literal.rtc_clk_8m_enable
                0x0000000040080d7c        0x0 /home/ubuntu/esp32/backup/build/soc/libsoc.a(rtc_clk.o)
                                         0x10 (size before relaxing)
 .literal.rtc_clk_slow_freq_set
                0x0000000040080d7c        0x0 /home/ubuntu/esp32/backup/build/soc/libsoc.a(rtc_clk.o)
                                          0xc (size before relaxing)
 .literal.rtc_clk_slow_freq_get
                0x0000000040080d7c        0x0 /home/ubuntu/esp32/backup/build/soc/libsoc.a(rtc_clk.o)
                                          0x4 (size before relaxing)
 .literal.rtc_clk_slow_freq_get_hz
                0x0000000040080d7c        0x0 /home/ubuntu/esp32/backup/build/soc/libsoc.a(rtc_clk.o)
                                         0x10 (size before relaxing)
 .literal.rtc_clk_fast_freq_set
                0x0000000040080d7c        0x0 /home/ubuntu/esp32/backup/build/soc/libsoc.a(rtc_clk.o)
                                          0xc (size before relaxing)
 .literal.rtc_clk_bbpll_configure
                0x0000000040080d7c        0x8 /home/ubuntu/esp32/backup/build/soc/libsoc.a(rtc_clk.o)
                                         0x3c (size before relaxing)
 .literal.rtc_clk_xtal_freq_get
                0x0000000040080d84        0x8 /home/ubuntu/esp32/backup/build/soc/libsoc.a(rtc_clk.o)
 .literal.rtc_clk_cpu_freq_mhz_to_config
                0x0000000040080d8c        0x0 /home/ubuntu/esp32/backup/build/soc/libsoc.a(rtc_clk.o)
                                          0x4 (size before relaxing)
 .literal.rtc_clk_cpu_freq_get_config
                0x0000000040080d8c       0x10 /home/ubuntu/esp32/backup/build/soc/libsoc.a(rtc_clk.o)
                                         0x34 (size before relaxing)
 .literal.rtc_clk_apb_freq_update
                0x0000000040080d9c        0x4 /home/ubuntu/esp32/backup/build/soc/libsoc.a(rtc_clk.o)
 .literal.rtc_clk_cpu_freq_to_xtal
                0x0000000040080da0        0xc /home/ubuntu/esp32/backup/build/soc/libsoc.a(rtc_clk.o)
                                         0x34 (size before relaxing)
 .literal.rtc_clk_cpu_freq_set_xtal
                0x0000000040080dac        0x0 /home/ubuntu/esp32/backup/build/soc/libsoc.a(rtc_clk.o)
                                         0x10 (size before relaxing)
 .literal.rtc_clk_cpu_freq_to_pll_mhz
                0x0000000040080dac        0x8 /home/ubuntu/esp32/backup/build/soc/libsoc.a(rtc_clk.o)
                                         0x3c (size before relaxing)
 .literal.rtc_clk_cpu_freq_to_8m
                0x0000000040080db4        0x4 /home/ubuntu/esp32/backup/build/soc/libsoc.a(rtc_clk.o)
                                         0x2c (size before relaxing)
 .literal.rtc_clk_cpu_freq_set_config
                0x0000000040080db8        0x0 /home/ubuntu/esp32/backup/build/soc/libsoc.a(rtc_clk.o)
                                         0x30 (size before relaxing)
 .literal.rtc_clk_apb_freq_get
                0x0000000040080db8        0x4 /home/ubuntu/esp32/backup/build/soc/libsoc.a(rtc_clk.o)
                                         0x10 (size before relaxing)
 .literal       0x0000000040080dbc        0x0 /home/ubuntu/esp32/esp-idf/components/esp32/libhal.a(windowspill_asm.o)
                                          0x4 (size before relaxing)
 .literal.esp_rom_spiflash_read_status
                0x0000000040080dbc       0x10 /home/ubuntu/esp32/backup/build/spi_flash/libspi_flash.a(spi_flash_rom_patch.o)
                                         0x14 (size before relaxing)
 .literal.esp_rom_spiflash_wait_idle
                0x0000000040080dcc        0x8 /home/ubuntu/esp32/backup/build/spi_flash/libspi_flash.a(spi_flash_rom_patch.o)
                                          0xc (size before relaxing)
 .literal.esp_rom_spiflash_erase_block_internal
                0x0000000040080dd4        0x4 /home/ubuntu/esp32/backup/build/spi_flash/libspi_flash.a(spi_flash_rom_patch.o)
                                         0x18 (size before relaxing)
 .literal.esp_rom_spiflash_erase_sector_internal
                0x0000000040080dd8        0x0 /home/ubuntu/esp32/backup/build/spi_flash/libspi_flash.a(spi_flash_rom_patch.o)
                                         0x18 (size before relaxing)
 .literal.esp_rom_spiflash_read_data
                0x0000000040080dd8       0x1c /home/ubuntu/esp32/backup/build/spi_flash/libspi_flash.a(spi_flash_rom_patch.o)
                                         0x34 (size before relaxing)
 .literal.esp_rom_spiflash_enable_write
                0x0000000040080df4        0x0 /home/ubuntu/esp32/backup/build/spi_flash/libspi_flash.a(spi_flash_rom_patch.o)
                                         0x10 (size before relaxing)
 .literal.esp_rom_spiflash_program_page_internal
                0x0000000040080df4        0xc /home/ubuntu/esp32/backup/build/spi_flash/libspi_flash.a(spi_flash_rom_patch.o)
                                         0x40 (size before relaxing)
 .literal.esp_rom_spiflash_read_statushigh
                0x0000000040080e00        0x4 /home/ubuntu/esp32/backup/build/spi_flash/libspi_flash.a(spi_flash_rom_patch.o)
                                          0xc (size before relaxing)
 .literal.esp_rom_spiflash_write_status
                0x0000000040080e04        0x4 /home/ubuntu/esp32/backup/build/spi_flash/libspi_flash.a(spi_flash_rom_patch.o)
                                         0x14 (size before relaxing)
 .literal.esp_rom_spiflash_unlock
                0x0000000040080e08        0x8 /home/ubuntu/esp32/backup/build/spi_flash/libspi_flash.a(spi_flash_rom_patch.o)
                                         0x28 (size before relaxing)
 .literal.esp_rom_spiflash_erase_block
                0x0000000040080e10        0xc /home/ubuntu/esp32/backup/build/spi_flash/libspi_flash.a(spi_flash_rom_patch.o)
                                         0x20 (size before relaxing)
 .literal.esp_rom_spiflash_erase_sector
                0x0000000040080e1c        0x0 /home/ubuntu/esp32/backup/build/spi_flash/libspi_flash.a(spi_flash_rom_patch.o)
                                         0x20 (size before relaxing)
 .literal.esp_rom_spiflash_write
                0x0000000040080e1c        0x0 /home/ubuntu/esp32/backup/build/spi_flash/libspi_flash.a(spi_flash_rom_patch.o)
                                         0x28 (size before relaxing)
 .literal.esp_rom_spiflash_write_encrypted
                0x0000000040080e1c        0xc /home/ubuntu/esp32/backup/build/spi_flash/libspi_flash.a(spi_flash_rom_patch.o)
                                         0x10 (size before relaxing)
 .literal.esp_rom_spiflash_read
                0x0000000040080e28       0x2c /home/ubuntu/esp32/backup/build/spi_flash/libspi_flash.a(spi_flash_rom_patch.o)
                                         0x5c (size before relaxing)
 .literal       0x0000000040080e54        0x8 /home/ubuntu/esp32/esp-idf/components/newlib/lib/libm.a(lib_a-s_fpclassify.o)
                                         0x18 (size before relaxing)
 .iram1         0x0000000040080e5c      0x286 /home/ubuntu/esp32/backup/build/esp32/libesp32.a(cpu_start.o)
                                        0x33e (size before relaxing)
                0x0000000040080e5c                start_cpu0
                0x0000000040080e5c                start_cpu0_default
                0x0000000040080f28                start_cpu1_default
                0x0000000040080f28                start_cpu1
                0x0000000040080fa4                call_start_cpu0
 *fill*         0x00000000400810e2        0x2 
 .iram1         0x00000000400810e4       0x53 /home/ubuntu/esp32/backup/build/esp32/libesp32.a(int_wdt.o)
 *fill*         0x0000000040081137        0x1 
 .iram1         0x0000000040081138       0x47 /home/ubuntu/esp32/backup/build/esp32/libesp32.a(clk.o)
                                         0x4b (size before relaxing)
                0x0000000040081138                esp_clk_cpu_freq
                0x0000000040081148                esp_clk_apb_freq
                0x0000000040081160                esp_clk_xtal_freq
                0x0000000040081170                ets_update_cpu_frequency
 *fill*         0x000000004008117f        0x1 
 .iram1         0x0000000040081180       0x27 /home/ubuntu/esp32/backup/build/esp32/libesp32.a(freertos_hooks.o)
                0x0000000040081180                esp_vApplicationTickHook
 *fill*         0x00000000400811a7        0x1 
 .iram1         0x00000000400811a8       0xb0 /home/ubuntu/esp32/backup/build/esp32/libesp32.a(crosscore_int.o)
                                         0xc0 (size before relaxing)
                0x0000000040081240                esp_crosscore_int_send_yield
                0x000000004008124c                esp_crosscore_int_send_freq_switch
 .iram1         0x0000000040081258       0x2c /home/ubuntu/esp32/backup/build/esp32/libesp32.a(cache_err_int.o)
                                         0x34 (size before relaxing)
                0x0000000040081258                esp_cache_err_get_cpuid
 .iram1         0x0000000040081284      0x2b6 /home/ubuntu/esp32/backup/build/esp32/libesp32.a(intr_alloc.o)
                                        0x2ce (size before relaxing)
                0x00000000400812c0                esp_intr_set_in_iram
                0x0000000040081348                esp_intr_enable
                0x00000000400813d0                esp_intr_disable
                0x0000000040081498                esp_intr_noniram_disable
                0x00000000400814e4                esp_intr_noniram_enable
                0x0000000040081524                ets_isr_unmask
                0x0000000040081530                ets_isr_mask
 *fill*         0x000000004008153a        0x2 
 .iram1         0x000000004008153c      0x205 /home/ubuntu/esp32/backup/build/esp32/libesp32.a(esp_timer.o)
                                        0x219 (size before relaxing)
                0x0000000040081658                esp_timer_stop
                0x000000004008167c                esp_timer_get_next_alarm
                0x000000004008169c                esp_timer_get_time
                0x00000000400816ac                esp_timer_start_once
                0x00000000400816f0                esp_timer_start_periodic
 *fill*         0x0000000040081741        0x3 
 .iram1         0x0000000040081744      0x1e3 /home/ubuntu/esp32/backup/build/esp32/libesp32.a(dport_access.o)
                                        0x1ef (size before relaxing)
                0x0000000040081744                esp_dport_access_stall_other_cpu_start
                0x00000000400817f4                esp_dport_access_stall_other_cpu_end
                0x0000000040081870                esp_dport_access_stall_other_cpu_start_wrap
                0x0000000040081878                esp_dport_access_stall_other_cpu_end_wrap
                0x0000000040081880                esp_dport_access_int_pause
                0x00000000400818a4                esp_dport_access_int_abort
                0x00000000400818b8                esp_dport_access_int_resume
                0x00000000400818dc                esp_dport_access_reg_read
                0x00000000400818f4                esp_dport_access_sequence_reg_read
                0x0000000040081900                esp_dport_access_read_buffer
 *fill*         0x0000000040081927        0x1 
 .iram1         0x0000000040081928      0x195 /home/ubuntu/esp32/backup/build/esp32/libesp32.a(system_api.o)
                                        0x1e4 (size before relaxing)
                0x0000000040081928                esp_restart_noos
                0x0000000040081a9c                esp_restart
                0x0000000040081a9c                system_restart
 *fill*         0x0000000040081abd        0x3 
 .iram1         0x0000000040081ac0       0xda /home/ubuntu/esp32/backup/build/esp32/libesp32.a(dport_panic_highint_hdl.o)
                0x0000000040081ac0                xt_highint4
                0x0000000040081b9a                ld_include_panic_highint_hdl
 *fill*         0x0000000040081b9a        0x2 
 .iram1         0x0000000040081b9c      0x4af /home/ubuntu/esp32/backup/build/esp32/libesp32.a(esp_timer_esp32.o)
                                        0x4bb (size before relaxing)
                0x0000000040081cc0                esp_timer_impl_get_time
                0x0000000040081e30                esp_timer_impl_set_alarm
                0x0000000040081f78                esp_timer_impl_update_apb_freq
                0x0000000040082040                esp_timer_impl_get_min_period_us
 *fill*         0x000000004008204b        0x1 
 .iram1         0x000000004008204c       0x7f /home/ubuntu/esp32/backup/build/esp32/libesp32.a(ipc.o)
                                         0x8b (size before relaxing)
 *fill*         0x00000000400820cb        0x1 
 .iram1         0x00000000400820cc       0x1a /home/ubuntu/esp32/backup/build/freertos/libfreertos.a(port.o)
                0x00000000400820cc                xPortInterruptedFromISRContext
 *fill*         0x00000000400820e6        0x2 
 .iram1         0x00000000400820e8      0x4b4 /home/ubuntu/esp32/backup/build/freertos/libfreertos.a(xtensa_vectors.o)
                0x00000000400820e8                _xt_panic
                0x0000000040082200                _xt_user_exit
                0x00000000400824ec                _xt_medint2_exit
                0x0000000040082588                _xt_medint3_exit
 .iram1         0x000000004008259c      0x3f1 /home/ubuntu/esp32/backup/build/heap/libheap.a(heap_caps.o)
                                        0x40d (size before relaxing)
                0x000000004008262c                heap_caps_malloc
                0x00000000400826cc                heap_caps_malloc_default
                0x0000000040082710                heap_caps_malloc_prefer
                0x0000000040082768                heap_caps_free
                0x00000000400827a0                heap_caps_realloc
                0x000000004008284c                heap_caps_realloc_default
                0x00000000400828a4                heap_caps_realloc_prefer
                0x0000000040082908                heap_caps_calloc
                0x0000000040082938                heap_caps_calloc_prefer
 *fill*         0x000000004008298d        0x3 
 .iram1         0x0000000040082990      0x18a /home/ubuntu/esp32/backup/build/log/liblog.a(log.o)
                                        0x19a (size before relaxing)
                0x0000000040082990                esp_log_write
                0x0000000040082ac0                esp_log_early_timestamp
                0x0000000040082adc                esp_log_timestamp
 *fill*         0x0000000040082b1a        0x2 
 .iram1         0x0000000040082b1c       0x70 /home/ubuntu/esp32/backup/build/newlib/libnewlib.a(time.o)
                                         0x74 (size before relaxing)
                0x0000000040082b1c                _gettimeofday_r
                0x0000000040082b64                _times_r
 .iram1         0x0000000040082b8c       0x3c /home/ubuntu/esp32/backup/build/newlib/libnewlib.a(reent_init.o)
                0x0000000040082b8c                esp_reent_init
 .iram1         0x0000000040082bc8       0x5a /home/ubuntu/esp32/backup/build/newlib/libnewlib.a(syscalls.o)
                                         0x62 (size before relaxing)
                0x0000000040082bc8                _malloc_r
                0x0000000040082bd4                _free_r
                0x0000000040082be0                _realloc_r
                0x0000000040082bf4                _calloc_r
 *fill*         0x0000000040082c22        0x2 
 .iram1         0x0000000040082c24      0x1cc /home/ubuntu/esp32/backup/build/newlib/libnewlib.a(locks.o)
                                        0x210 (size before relaxing)
                0x0000000040082d3c                _lock_init
                0x0000000040082d4c                _lock_init_recursive
                0x0000000040082d5c                _lock_close_recursive
                0x0000000040082d5c                _lock_close
                0x0000000040082d98                _lock_acquire
                0x0000000040082da8                _lock_acquire_recursive
                0x0000000040082db8                _lock_try_acquire
                0x0000000040082dc8                _lock_try_acquire_recursive
                0x0000000040082dd8                _lock_release
                0x0000000040082de4                _lock_release_recursive
 .iram1         0x0000000040082df0      0x11a /home/ubuntu/esp32/backup/build/soc/libsoc.a(cpu_util.o)
                0x0000000040082df0                esp_cpu_stall
                0x0000000040082e84                esp_cpu_unstall
                0x0000000040082ed8                esp_cpu_reset
                0x0000000040082efc                esp_cpu_in_ocd_debug_mode
 *fill*         0x0000000040082f0a        0x2 
 .iram1         0x0000000040082f0c      0x2f4 /home/ubuntu/esp32/backup/build/spi_flash/libspi_flash.a(cache_utils.o)
                                        0x340 (size before relaxing)
                0x0000000040082f70                spi_flash_op_block_func
                0x000000004008301c                spi_flash_disable_interrupts_caches_and_other_cpu
                0x00000000400830fc                spi_flash_enable_interrupts_caches_and_other_cpu
                0x0000000040083194                spi_flash_disable_interrupts_caches_and_other_cpu_no_os
                0x00000000400831c0                spi_flash_enable_interrupts_caches_no_os
                0x00000000400831dc                spi_flash_cache_enabled
 .iram1         0x0000000040083200      0x722 /home/ubuntu/esp32/backup/build/spi_flash/libspi_flash.a(flash_ops.o)
                                        0x74a (size before relaxing)
                0x0000000040083270                spi_flash_guard_set
                0x000000004008327c                spi_flash_guard_get
                0x0000000040083288                spi_flash_get_chip_size
                0x0000000040083294                spi_flash_erase_range
                0x000000004008334c                spi_flash_erase_sector
                0x0000000040083370                spi_flash_write
                0x0000000040083538                spi_flash_read
                0x00000000400837d0                spi_flash_read_encrypted
                0x0000000040083818                spi_flash_write_encrypted
 *fill*         0x0000000040083922        0x2 
 .iram1         0x0000000040083924      0x5c3 /home/ubuntu/esp32/backup/build/spi_flash/libspi_flash.a(flash_mmap.o)
                                        0x60f (size before relaxing)
                0x0000000040083a78                spi_flash_mmap_pages
                0x0000000040083cbc                spi_flash_mmap
                0x0000000040083d30                spi_flash_munmap
                0x0000000040083dd4                spi_flash_mmap_get_free_pages
                0x0000000040083e28                spi_flash_mark_modified_region
                0x0000000040083e74                spi_flash_phys2cache
 *fill*         0x0000000040083ee7        0x1 
 .iram1         0x0000000040083ee8     0x104c /home/ubuntu/esp32/backup/build/driver/libdriver.a(spi_master.o)
                                       0x10fc (size before relaxing)
                0x0000000040084d6c                spi_device_polling_start
                0x0000000040084e80                spi_device_polling_end
                0x0000000040084f10                spi_device_polling_transmit
 .iram1         0x0000000040084f34      0x1d3 /home/ubuntu/esp32/backup/build/driver/libdriver.a(spi_common.o)
                                        0x1e3 (size before relaxing)
                0x0000000040084f34                spicommon_setup_dma_desc_links
                0x000000004008503c                spicommon_dmaworkaround_req_reset
                0x000000004008508c                spicommon_dmaworkaround_reset_in_progress
                0x00000000400850a0                spicommon_dmaworkaround_idle
                0x00000000400850e4                spicommon_dmaworkaround_transfer_active
 *fill*         0x0000000040085107        0x0 
 *fill*         0x0000000040085107        0x0 
 *fill*         0x0000000040085107        0x0 
 *fill*         0x0000000040085107        0x0 
 *fill*         0x0000000040085107        0x0 
 *fill*         0x0000000040085107        0x0 
 *fill*         0x0000000040085107        0x0 
 *fill*         0x0000000040085107        0x1 
 .iram1         0x0000000040085108       0x20 /home/ubuntu/esp32/backup/build/esp32/libesp32.a(dbg_stubs.o)
 *fill*         0x0000000040085128        0x0 
 *fill*         0x0000000040085128        0x0 
 *fill*         0x0000000040085128        0x0 
 .iram1         0x0000000040085128       0x2e /home/ubuntu/esp32/backup/build/freertos/libfreertos.a(xtensa_vector_defaults.o)
                0x0000000040085128                xt_debugexception
                0x0000000040085148                xt_highint5
                0x0000000040085150                _xt_nmi
                0x0000000040085150                xt_nmi
 *fill*         0x0000000040085156        0x0 
 *fill*         0x0000000040085156        0x0 
 *fill*         0x0000000040085156        0x0 
 *fill*         0x0000000040085156        0x0 
 *fill*         0x0000000040085156        0x0 
 *fill*         0x0000000040085156        0x0 
 *fill*         0x0000000040085156        0x0 
 *libesp_ringbuf.a:(.literal .text .literal.* .text.*)
 *fill*         0x0000000040085156        0x2 
 .text.prvGetFreeSize
                0x0000000040085158       0x3c /home/ubuntu/esp32/backup/build/esp_ringbuf/libesp_ringbuf.a(ringbuf.o)
                                         0x40 (size before relaxing)
 .text.prvReceiveGeneric
                0x0000000040085194      0x128 /home/ubuntu/esp32/backup/build/esp_ringbuf/libesp_ringbuf.a(ringbuf.o)
                                        0x13c (size before relaxing)
 .text.xRingbufferSend
                0x00000000400852bc       0xfd /home/ubuntu/esp32/backup/build/esp_ringbuf/libesp_ringbuf.a(ringbuf.o)
                                        0x111 (size before relaxing)
                0x00000000400852bc                xRingbufferSend
 *fill*         0x00000000400853b9        0x3 
 .text.xRingbufferReceive
                0x00000000400853bc       0x45 /home/ubuntu/esp32/backup/build/esp_ringbuf/libesp_ringbuf.a(ringbuf.o)
                0x00000000400853bc                xRingbufferReceive
 *fill*         0x0000000040085401        0x3 
 .text.vRingbufferReturnItem
                0x0000000040085404       0x5a /home/ubuntu/esp32/backup/build/esp_ringbuf/libesp_ringbuf.a(ringbuf.o)
                                         0x66 (size before relaxing)
                0x0000000040085404                vRingbufferReturnItem
 *fill*         0x000000004008545e        0x2 
 .text.prvCheckItemAvail
                0x0000000040085460       0x34 /home/ubuntu/esp32/backup/build/esp_ringbuf/libesp_ringbuf.a(ringbuf.o)
 *fill*         0x0000000040085494        0x0 
 *fill*         0x0000000040085494        0x0 
 *libfreertos.a:(.literal .text .literal.* .text.*)
 .text.xt_unhandled_interrupt
                0x0000000040085494       0x16 /home/ubuntu/esp32/backup/build/freertos/libfreertos.a(xtensa_intr.o)
                0x0000000040085494                xt_unhandled_interrupt
 *fill*         0x00000000400854aa        0x2 
 .text.xt_set_interrupt_handler
                0x00000000400854ac       0x46 /home/ubuntu/esp32/backup/build/freertos/libfreertos.a(xtensa_intr.o)
                0x00000000400854ac                xt_set_interrupt_handler
 *fill*         0x00000000400854f2        0x2 
 .text.prvIsQueueFull
                0x00000000400854f4       0x2a /home/ubuntu/esp32/backup/build/freertos/libfreertos.a(queue.o)
 *fill*         0x000000004008551e        0x2 
 .text.prvCopyDataToQueue
                0x0000000040085520       0x9e /home/ubuntu/esp32/backup/build/freertos/libfreertos.a(queue.o)
 *fill*         0x00000000400855be        0x2 
 .text.prvNotifyQueueSetContainer
                0x00000000400855c0       0x77 /home/ubuntu/esp32/backup/build/freertos/libfreertos.a(queue.o)
                                         0x8a (size before relaxing)
 *fill*         0x0000000040085637        0x1 
 .text.prvCopyDataFromQueue
                0x0000000040085638       0x24 /home/ubuntu/esp32/backup/build/freertos/libfreertos.a(queue.o)
 .text.xQueueGenericReset
                0x000000004008565c       0x86 /home/ubuntu/esp32/backup/build/freertos/libfreertos.a(queue.o)
                                         0x96 (size before relaxing)
                0x000000004008565c                xQueueGenericReset
 *fill*         0x00000000400856e2        0x2 
 .text.prvInitialiseNewQueue
                0x00000000400856e4       0x1f /home/ubuntu/esp32/backup/build/freertos/libfreertos.a(queue.o)
                                         0x23 (size before relaxing)
 *fill*         0x0000000040085703        0x1 
 .text.xQueueGenericCreate
                0x0000000040085704       0x49 /home/ubuntu/esp32/backup/build/freertos/libfreertos.a(queue.o)
                                         0x4d (size before relaxing)
                0x0000000040085704                xQueueGenericCreate
 *fill*         0x000000004008574d        0x3 
 .text.xQueueGetMutexHolder
                0x0000000040085750       0x23 /home/ubuntu/esp32/backup/build/freertos/libfreertos.a(queue.o)
                0x0000000040085750                xQueueGetMutexHolder
 *fill*         0x0000000040085773        0x1 
 .text.xQueueCreateCountingSemaphore
                0x0000000040085774       0x66 /home/ubuntu/esp32/backup/build/freertos/libfreertos.a(queue.o)
                                         0x6a (size before relaxing)
                0x0000000040085774                xQueueCreateCountingSemaphore
 *fill*         0x00000000400857da        0x2 
 .text.xQueueGenericSend
                0x00000000400857dc      0x158 /home/ubuntu/esp32/backup/build/freertos/libfreertos.a(queue.o)
                                        0x18c (size before relaxing)
                0x00000000400857dc                xQueueGenericSend
 .text.prvInitialiseMutex
                0x0000000040085934       0x22 /home/ubuntu/esp32/backup/build/freertos/libfreertos.a(queue.o)
                                         0x26 (size before relaxing)
 *fill*         0x0000000040085956        0x2 
 .text.xQueueCreateMutex
                0x0000000040085958       0x16 /home/ubuntu/esp32/backup/build/freertos/libfreertos.a(queue.o)
                                         0x1a (size before relaxing)
                0x0000000040085958                xQueueCreateMutex
 *fill*         0x000000004008596e        0x2 
 .text.xQueueGiveMutexRecursive
                0x0000000040085970       0x48 /home/ubuntu/esp32/backup/build/freertos/libfreertos.a(queue.o)
                                         0x4c (size before relaxing)
                0x0000000040085970                xQueueGiveMutexRecursive
 .text.xQueueGenericSendFromISR
                0x00000000400859b8       0xd6 /home/ubuntu/esp32/backup/build/freertos/libfreertos.a(queue.o)
                                         0xe6 (size before relaxing)
                0x00000000400859b8                xQueueGenericSendFromISR
 *fill*         0x0000000040085a8e        0x2 
 .text.xQueueGiveFromISR
                0x0000000040085a90       0xb6 /home/ubuntu/esp32/backup/build/freertos/libfreertos.a(queue.o)
                                         0xc2 (size before relaxing)
                0x0000000040085a90                xQueueGiveFromISR
 *fill*         0x0000000040085b46        0x2 
 .text.xQueueGenericReceive
                0x0000000040085b48      0x144 /home/ubuntu/esp32/backup/build/freertos/libfreertos.a(queue.o)
                                        0x178 (size before relaxing)
                0x0000000040085b48                xQueueGenericReceive
 .text.xQueueTakeMutexRecursive
                0x0000000040085c8c       0x51 /home/ubuntu/esp32/backup/build/freertos/libfreertos.a(queue.o)
                0x0000000040085c8c                xQueueTakeMutexRecursive
 *fill*         0x0000000040085cdd        0x3 
 .text.xQueueReceiveFromISR
                0x0000000040085ce0       0x96 /home/ubuntu/esp32/backup/build/freertos/libfreertos.a(queue.o)
                                         0xa6 (size before relaxing)
                0x0000000040085ce0                xQueueReceiveFromISR
 *fill*         0x0000000040085d76        0x2 
 .text.uxQueueMessagesWaiting
                0x0000000040085d78       0x30 /home/ubuntu/esp32/backup/build/freertos/libfreertos.a(queue.o)
                                         0x38 (size before relaxing)
                0x0000000040085d78                uxQueueMessagesWaiting
 .text.vQueueDelete
                0x0000000040085da8       0x28 /home/ubuntu/esp32/backup/build/freertos/libfreertos.a(queue.o)
                0x0000000040085da8                vQueueDelete
 .text.vQueueWaitForMessageRestricted
                0x0000000040085dd0       0x23 /home/ubuntu/esp32/backup/build/freertos/libfreertos.a(queue.o)
                                         0x2a (size before relaxing)
                0x0000000040085dd0                vQueueWaitForMessageRestricted
 *fill*         0x0000000040085df3        0x1 
 .text._xt_tick_divisor_init
                0x0000000040085df4       0x1c /home/ubuntu/esp32/backup/build/freertos/libfreertos.a(xtensa_init.o)
                                         0x1f (size before relaxing)
                0x0000000040085df4                _xt_tick_divisor_init
 *fill*         0x0000000040085e10        0x0 
 .text.vPortTaskWrapper
                0x0000000040085e10       0x26 /home/ubuntu/esp32/backup/build/freertos/libfreertos.a(port.o)
                                         0x32 (size before relaxing)
 *fill*         0x0000000040085e36        0x2 
 .text.pxPortInitialiseStack
                0x0000000040085e38       0x8a /home/ubuntu/esp32/backup/build/freertos/libfreertos.a(port.o)
                0x0000000040085e38                pxPortInitialiseStack
 *fill*         0x0000000040085ec2        0x2 
 .text.xPortStartScheduler
                0x0000000040085ec4       0x22 /home/ubuntu/esp32/backup/build/freertos/libfreertos.a(port.o)
                                         0x2e (size before relaxing)
                0x0000000040085ec4                xPortStartScheduler
 *fill*         0x0000000040085ee6        0x2 
 .text.xPortSysTickHandler
                0x0000000040085ee8       0x10 /home/ubuntu/esp32/backup/build/freertos/libfreertos.a(port.o)
                                         0x16 (size before relaxing)
                0x0000000040085ee8                xPortSysTickHandler
 *fill*         0x0000000040085ef8        0x0 
 .text.vPortYieldOtherCore
                0x0000000040085ef8        0xa /home/ubuntu/esp32/backup/build/freertos/libfreertos.a(port.o)
                                          0xe (size before relaxing)
                0x0000000040085ef8                vPortYieldOtherCore
 *fill*         0x0000000040085f02        0x2 
 .text.vPortReleaseTaskMPUSettings
                0x0000000040085f04        0xa /home/ubuntu/esp32/backup/build/freertos/libfreertos.a(port.o)
                                          0xe (size before relaxing)
                0x0000000040085f04                vPortReleaseTaskMPUSettings
 *fill*         0x0000000040085f0e        0x2 
 .text.xPortInIsrContext
                0x0000000040085f10       0x26 /home/ubuntu/esp32/backup/build/freertos/libfreertos.a(port.o)
                0x0000000040085f10                xPortInIsrContext
 *fill*         0x0000000040085f36        0x2 
 .text.vPortCPUInitializeMutex
                0x0000000040085f38        0xe /home/ubuntu/esp32/backup/build/freertos/libfreertos.a(port.o)
                0x0000000040085f38                vPortCPUInitializeMutex
 *fill*         0x0000000040085f46        0x2 
 .text.vPortCPUAcquireMutex
                0x0000000040085f48       0x81 /home/ubuntu/esp32/backup/build/freertos/libfreertos.a(port.o)
                                         0x88 (size before relaxing)
                0x0000000040085f48                vPortCPUAcquireMutex
 *fill*         0x0000000040085fc9        0x3 
 .text.vPortCPUReleaseMutex
                0x0000000040085fcc       0x4d /home/ubuntu/esp32/backup/build/freertos/libfreertos.a(port.o)
                                         0x50 (size before relaxing)
                0x0000000040085fcc                vPortCPUReleaseMutex
 *fill*         0x0000000040086019        0x3 
 .text.prvResetNextTaskUnblockTime
                0x000000004008601c       0x34 /home/ubuntu/esp32/backup/build/freertos/libfreertos.a(tasks.o)
 .text.prvDeleteTLS
                0x0000000040086050       0x40 /home/ubuntu/esp32/backup/build/freertos/libfreertos.a(tasks.o)
 .text.prvInitialiseNewTask
                0x0000000040086090       0xc4 /home/ubuntu/esp32/backup/build/freertos/libfreertos.a(tasks.o)
                                         0xd0 (size before relaxing)
 .text.prvInitialiseTaskLists
                0x0000000040086154       0x5a /home/ubuntu/esp32/backup/build/freertos/libfreertos.a(tasks.o)
                                         0x6e (size before relaxing)
 *fill*         0x00000000400861ae        0x2 
 .text.prvDeleteTCB
                0x00000000400861b0       0x56 /home/ubuntu/esp32/backup/build/freertos/libfreertos.a(tasks.o)
                                         0x5d (size before relaxing)
 *fill*         0x0000000040086206        0x2 
 .text.prvAddCurrentTaskToDelayedList
                0x0000000040086208       0x66 /home/ubuntu/esp32/backup/build/freertos/libfreertos.a(tasks.o)
                                         0x6a (size before relaxing)
 *fill*         0x000000004008626e        0x2 
 .text.taskYIELD_OTHER_CORE
                0x0000000040086270       0x53 /home/ubuntu/esp32/backup/build/freertos/libfreertos.a(tasks.o)
                0x0000000040086270                taskYIELD_OTHER_CORE
 *fill*         0x00000000400862c3        0x1 
 .text.vTaskSuspendAll
                0x00000000400862c4       0x26 /home/ubuntu/esp32/backup/build/freertos/libfreertos.a(tasks.o)
                0x00000000400862c4                vTaskSuspendAll
 *fill*         0x00000000400862ea        0x2 
 .text.xTaskGetTickCount
                0x00000000400862ec        0xd /home/ubuntu/esp32/backup/build/freertos/libfreertos.a(tasks.o)
                0x00000000400862ec                xTaskGetTickCount
 *fill*         0x00000000400862f9        0x3 
 .text.xTaskGetIdleTaskHandleForCPU
                0x00000000400862fc       0x2a /home/ubuntu/esp32/backup/build/freertos/libfreertos.a(tasks.o)
                                         0x2e (size before relaxing)
                0x00000000400862fc                xTaskGetIdleTaskHandleForCPU
 *fill*         0x0000000040086326        0x2 
 .text.vTaskSwitchContext
                0x0000000040086328      0x27e /home/ubuntu/esp32/backup/build/freertos/libfreertos.a(tasks.o)
                                        0x28a (size before relaxing)
                0x0000000040086328                vTaskSwitchContext
 *fill*         0x00000000400865a6        0x2 
 .text.vTaskSetTimeOutState
                0x00000000400865a8       0x34 /home/ubuntu/esp32/backup/build/freertos/libfreertos.a(tasks.o)
                0x00000000400865a8                vTaskSetTimeOutState
 .text.xTaskGetCurrentTaskHandle
                0x00000000400865dc       0x1f /home/ubuntu/esp32/backup/build/freertos/libfreertos.a(tasks.o)
                0x00000000400865dc                xTaskGetCurrentTaskHandle
 *fill*         0x00000000400865fb        0x1 
 .text.__getreent
                0x00000000400865fc       0x19 /home/ubuntu/esp32/backup/build/freertos/libfreertos.a(tasks.o)
                0x00000000400865fc                __getreent
 *fill*         0x0000000040086615        0x3 
 .text.pcTaskGetTaskName
                0x0000000040086618       0x2a /home/ubuntu/esp32/backup/build/freertos/libfreertos.a(tasks.o)
                                         0x2d (size before relaxing)
                0x0000000040086618                pcTaskGetTaskName
 *fill*         0x0000000040086642        0x2 
 .text.xTaskGetAffinity
                0x0000000040086644       0x10 /home/ubuntu/esp32/backup/build/freertos/libfreertos.a(tasks.o)
                                         0x13 (size before relaxing)
                0x0000000040086644                xTaskGetAffinity
 *fill*         0x0000000040086654        0x0 
 .text.xTaskGetCurrentTaskHandleForCPU
                0x0000000040086654       0x17 /home/ubuntu/esp32/backup/build/freertos/libfreertos.a(tasks.o)
                0x0000000040086654                xTaskGetCurrentTaskHandleForCPU
 *fill*         0x000000004008666b        0x1 
 .text.xTaskGetSchedulerState
                0x000000004008666c       0x37 /home/ubuntu/esp32/backup/build/freertos/libfreertos.a(tasks.o)
                0x000000004008666c                xTaskGetSchedulerState
 *fill*         0x00000000400866a3        0x1 
 .text.vTaskEnterCritical
                0x00000000400866a4       0xac /home/ubuntu/esp32/backup/build/freertos/libfreertos.a(tasks.o)
                                         0xb3 (size before relaxing)
                0x00000000400866a4                vTaskEnterCritical
 *fill*         0x0000000040086750        0x0 
 .text.vTaskExitCritical
                0x0000000040086750       0x77 /home/ubuntu/esp32/backup/build/freertos/libfreertos.a(tasks.o)
                0x0000000040086750                vTaskExitCritical
 *fill*         0x00000000400867c7        0x1 
 .text.prvAddNewTaskToReadyList
                0x00000000400867c8      0x160 /home/ubuntu/esp32/backup/build/freertos/libfreertos.a(tasks.o)
                                        0x173 (size before relaxing)
 *fill*         0x0000000040086928        0x0 
 .text.xTaskCreatePinnedToCore
                0x0000000040086928       0x6e /home/ubuntu/esp32/backup/build/freertos/libfreertos.a(tasks.o)
                                         0x76 (size before relaxing)
                0x0000000040086928                xTaskCreatePinnedToCore
 *fill*         0x0000000040086996        0x2 
 .text.vTaskStartScheduler
                0x0000000040086998       0x77 /home/ubuntu/esp32/backup/build/freertos/libfreertos.a(tasks.o)
                                         0x82 (size before relaxing)
                0x0000000040086998                vTaskStartScheduler
 *fill*         0x0000000040086a0f        0x1 
 .text.vTaskDelete
                0x0000000040086a10      0x10a /home/ubuntu/esp32/backup/build/freertos/libfreertos.a(tasks.o)
                                        0x122 (size before relaxing)
                0x0000000040086a10                vTaskDelete
 *fill*         0x0000000040086b1a        0x2 
 .text.vTaskDelay
                0x0000000040086b1c       0x70 /home/ubuntu/esp32/backup/build/freertos/libfreertos.a(tasks.o)
                                         0x80 (size before relaxing)
                0x0000000040086b1c                vTaskDelay
 .text.uxTaskPriorityGet
                0x0000000040086b8c       0x1c /home/ubuntu/esp32/backup/build/freertos/libfreertos.a(tasks.o)
                                         0x23 (size before relaxing)
                0x0000000040086b8c                uxTaskPriorityGet
 *fill*         0x0000000040086ba8        0x0 
 .text.vTaskPrioritySet
                0x0000000040086ba8      0x12d /home/ubuntu/esp32/backup/build/freertos/libfreertos.a(tasks.o)
                                        0x143 (size before relaxing)
                0x0000000040086ba8                vTaskPrioritySet
 *fill*         0x0000000040086cd5        0x3 
 .text.prvCheckTasksWaitingTermination
                0x0000000040086cd8       0xbe /home/ubuntu/esp32/backup/build/freertos/libfreertos.a(tasks.o)
                                         0xc6 (size before relaxing)
 *fill*         0x0000000040086d96        0x2 
 .text.prvIdleTask
                0x0000000040086d98        0xc /home/ubuntu/esp32/backup/build/freertos/libfreertos.a(tasks.o)
                                         0x12 (size before relaxing)
 *fill*         0x0000000040086da4        0x0 
 .text.xTaskIncrementTick
                0x0000000040086da4      0x1a6 /home/ubuntu/esp32/backup/build/freertos/libfreertos.a(tasks.o)
                                        0x1ba (size before relaxing)
                0x0000000040086da4                xTaskIncrementTick
 *fill*         0x0000000040086f4a        0x2 
 .text.xTaskResumeAll
                0x0000000040086f4c      0x177 /home/ubuntu/esp32/backup/build/freertos/libfreertos.a(tasks.o)
                                        0x186 (size before relaxing)
                0x0000000040086f4c                xTaskResumeAll
 *fill*         0x00000000400870c3        0x1 
 .text.vTaskPlaceOnEventList
                0x00000000400870c4       0x83 /home/ubuntu/esp32/backup/build/freertos/libfreertos.a(tasks.o)
                                         0x97 (size before relaxing)
                0x00000000400870c4                vTaskPlaceOnEventList
 *fill*         0x0000000040087147        0x1 
 .text.vTaskPlaceOnEventListRestricted
                0x0000000040087148       0x5b /home/ubuntu/esp32/backup/build/freertos/libfreertos.a(tasks.o)
                                         0x6f (size before relaxing)
                0x0000000040087148                vTaskPlaceOnEventListRestricted
 *fill*         0x00000000400871a3        0x1 
 .text.xTaskRemoveFromEventList
                0x00000000400871a4      0x134 /home/ubuntu/esp32/backup/build/freertos/libfreertos.a(tasks.o)
                                        0x143 (size before relaxing)
                0x00000000400871a4                xTaskRemoveFromEventList
 *fill*         0x00000000400872d8        0x0 
 .text.xTaskCheckForTimeOut
                0x00000000400872d8       0x89 /home/ubuntu/esp32/backup/build/freertos/libfreertos.a(tasks.o)
                                         0x94 (size before relaxing)
                0x00000000400872d8                xTaskCheckForTimeOut
 *fill*         0x0000000040087361        0x3 
 .text.vTaskPriorityInherit
                0x0000000040087364       0xc4 /home/ubuntu/esp32/backup/build/freertos/libfreertos.a(tasks.o)
                                         0xdb (size before relaxing)
                0x0000000040087364                vTaskPriorityInherit
 *fill*         0x0000000040087428        0x0 
 .text.xTaskPriorityDisinherit
                0x0000000040087428       0x97 /home/ubuntu/esp32/backup/build/freertos/libfreertos.a(tasks.o)
                                         0xaa (size before relaxing)
                0x0000000040087428                xTaskPriorityDisinherit
 *fill*         0x00000000400874bf        0x1 
 .text.pvTaskIncrementMutexHeldCount
                0x00000000400874c0       0x50 /home/ubuntu/esp32/backup/build/freertos/libfreertos.a(tasks.o)
                                         0x54 (size before relaxing)
                0x00000000400874c0                pvTaskIncrementMutexHeldCount
 .text.prvGetNextExpireTime
                0x0000000040087510       0x20 /home/ubuntu/esp32/backup/build/freertos/libfreertos.a(timers.o)
 .text.prvInsertTimerInActiveList
                0x0000000040087530       0x50 /home/ubuntu/esp32/backup/build/freertos/libfreertos.a(timers.o)
                                         0x54 (size before relaxing)
 .text.prvCheckForValidListAndQueue
                0x0000000040087580       0x66 /home/ubuntu/esp32/backup/build/freertos/libfreertos.a(timers.o)
                                         0x7e (size before relaxing)
 *fill*         0x00000000400875e6        0x2 
 .text.xTimerCreateTimerTask
                0x00000000400875e8       0x48 /home/ubuntu/esp32/backup/build/freertos/libfreertos.a(timers.o)
                                         0x4c (size before relaxing)
                0x00000000400875e8                xTimerCreateTimerTask
 .text.xTimerGenericCommand
                0x0000000040087630       0x55 /home/ubuntu/esp32/backup/build/freertos/libfreertos.a(timers.o)
                                         0x5d (size before relaxing)
                0x0000000040087630                xTimerGenericCommand
 *fill*         0x0000000040087685        0x3 
 .text.prvSwitchTimerLists
                0x0000000040087688       0x76 /home/ubuntu/esp32/backup/build/freertos/libfreertos.a(timers.o)
                                         0x82 (size before relaxing)
 *fill*         0x00000000400876fe        0x2 
 .text.prvSampleTimeNow
                0x0000000040087700       0x2b /home/ubuntu/esp32/backup/build/freertos/libfreertos.a(timers.o)
                                         0x2f (size before relaxing)
 *fill*         0x000000004008772b        0x1 
 .text.prvProcessExpiredTimer
                0x000000004008772c       0x53 /home/ubuntu/esp32/backup/build/freertos/libfreertos.a(timers.o)
                                         0x5f (size before relaxing)
 *fill*         0x000000004008777f        0x1 
 .text.prvProcessTimerOrBlockTask
                0x0000000040087780       0x58 /home/ubuntu/esp32/backup/build/freertos/libfreertos.a(timers.o)
                                         0x6c (size before relaxing)
 .text.prvProcessReceivedCommands
                0x00000000400877d8       0xd6 /home/ubuntu/esp32/backup/build/freertos/libfreertos.a(timers.o)
                                         0xe6 (size before relaxing)
 *fill*         0x00000000400878ae        0x2 
 .text.prvTimerTask
                0x00000000400878b0       0x15 /home/ubuntu/esp32/backup/build/freertos/libfreertos.a(timers.o)
                                         0x1d (size before relaxing)
 *fill*         0x00000000400878c5        0x3 
 .text          0x00000000400878c8      0x12b /home/ubuntu/esp32/backup/build/freertos/libfreertos.a(xtensa_context.o)
                0x00000000400878c8                _xt_context_save
                0x0000000040087930                _xt_context_restore
                0x0000000040087974                _xt_coproc_init
                0x0000000040087988                _xt_coproc_release
                0x00000000400879b4                _xt_coproc_savecs
                0x00000000400879d4                _xt_coproc_restorecs
 *fill*         0x00000000400879f3        0x1 
 .text          0x00000000400879f4      0x1d0 /home/ubuntu/esp32/backup/build/freertos/libfreertos.a(portasm.o)
                0x00000000400879f4                _frxt_setup_switch
                0x0000000040087a0c                _frxt_int_enter
                0x0000000040087a54                _frxt_int_exit
                0x0000000040087aa4                _frxt_timer_int
                0x0000000040087acc                _frxt_tick_timer_init
                0x0000000040087ae4                _frxt_dispatch
                0x0000000040087b2c                vPortYield
                0x0000000040087b78                vPortYieldFromInt
                0x0000000040087b98                _frxt_task_coproc_state
 *fill*         0x0000000040087bc4        0x0 
 *fill*         0x0000000040087bc4        0x0 
 *fill*         0x0000000040087bc4        0x0 
 .text.prvIsQueueEmpty
                0x0000000040087bc4       0x12 /home/ubuntu/esp32/backup/build/freertos/libfreertos.a(queue.o)
 *fill*         0x0000000040087bd6        0x0 
 *fill*         0x0000000040087bd6        0x0 
 *fill*         0x0000000040087bd6        0x0 
 *fill*         0x0000000040087bd6        0x0 
 *fill*         0x0000000040087bd6        0x0 
 *fill*         0x0000000040087bd6        0x0 
 *fill*         0x0000000040087bd6        0x0 
 *fill*         0x0000000040087bd6        0x0 
 *fill*         0x0000000040087bd6        0x0 
 *fill*         0x0000000040087bd6        0x0 
 *fill*         0x0000000040087bd6        0x0 
 *fill*         0x0000000040087bd6        0x0 
 *fill*         0x0000000040087bd6        0x0 
 *fill*         0x0000000040087bd6        0x0 
 *fill*         0x0000000040087bd6        0x0 
 *fill*         0x0000000040087bd6        0x2 
 .text.vListInitialise
                0x0000000040087bd8       0x15 /home/ubuntu/esp32/backup/build/freertos/libfreertos.a(list.o)
                0x0000000040087bd8                vListInitialise
 *fill*         0x0000000040087bed        0x3 
 .text.vListInitialiseItem
                0x0000000040087bf0        0x9 /home/ubuntu/esp32/backup/build/freertos/libfreertos.a(list.o)
                0x0000000040087bf0                vListInitialiseItem